[    0.000000] Linux version 4.15.0-156-generic (buildd@lcy01-amd64-008) (gcc version 7.5.0 (Ubuntu 7.5.0-3ubuntu1~18.04)) #163-Ubuntu SMP Thu Aug 19 23:31:58 UTC 2021 (Ubuntu 4.15.0-156.163-generic 4.15.18)
[    0.000000] Command line: BOOT_IMAGE=/boot/vmlinuz-4.15.0-156-generic root=UUID=aec21e35-c08e-4f04-9060-4fd152d8fd54 ro console=tty1 console=ttyS0
[    0.000000] KERNEL supported cpus:
[    0.000000]   Intel GenuineIntel
[    0.000000]   AMD AuthenticAMD
[    0.000000]   Centaur CentaurHauls
[    0.000000] [Firmware Bug]: TSC doesn't count with P0 frequency!
[    0.000000] x86/fpu: Supporting XSAVE feature 0x001: 'x87 floating point registers'
[    0.000000] x86/fpu: Supporting XSAVE feature 0x002: 'SSE registers'
[    0.000000] x86/fpu: Supporting XSAVE feature 0x004: 'AVX registers'
[    0.000000] x86/fpu: xstate_offset[2]:  576, xstate_sizes[2]:  256
[    0.000000] x86/fpu: Enabled xstate features 0x7, context size is 832 bytes, using 'standard' format.
[    0.000000] e820: BIOS-provided physical RAM map:
[    0.000000] BIOS-e820: [mem 0x0000000000000000-0x000000000009fbff] usable
[    0.000000] BIOS-e820: [mem 0x000000000009fc00-0x000000000009ffff] reserved
[    0.000000] BIOS-e820: [mem 0x00000000000f0000-0x00000000000fffff] reserved
[    0.000000] BIOS-e820: [mem 0x0000000000100000-0x000000003ffeffff] usable
[    0.000000] BIOS-e820: [mem 0x000000003fff0000-0x000000003fffffff] ACPI data
[    0.000000] BIOS-e820: [mem 0x00000000fec00000-0x00000000fec00fff] reserved
[    0.000000] BIOS-e820: [mem 0x00000000fee00000-0x00000000fee00fff] reserved
[    0.000000] BIOS-e820: [mem 0x00000000fffc0000-0x00000000ffffffff] reserved
[    0.000000] NX (Execute Disable) protection: active
[    0.000000] SMBIOS 2.5 present.
[    0.000000] DMI: innotek GmbH VirtualBox/VirtualBox, BIOS VirtualBox 12/01/2006
[    0.000000] Hypervisor detected: KVM
[    0.000000] e820: last_pfn = 0x3fff0 max_arch_pfn = 0x400000000
[    0.000000] MTRR: Disabled
[    0.000000] x86/PAT: MTRRs disabled, skipping PAT initialization too.
[    0.000000] CPU MTRRs all blank - virtualized system.
[    0.000000] x86/PAT: Configuration [0-7]: WB  WT  UC- UC  WB  WT  UC- UC  
[    0.000000] found SMP MP-table at [mem 0x0009fff0-0x0009ffff]
[    0.000000] Scanning 1 areas for low memory corruption
[    0.000000] RAMDISK: [mem 0x3581f000-0x36c06fff]
[    0.000000] ACPI: Early table checksum verification disabled
[    0.000000] ACPI: RSDP 0x00000000000E0000 000024 (v02 VBOX  )
[    0.000000] ACPI: XSDT 0x000000003FFF0030 00003C (v01 VBOX   VBOXXSDT 00000001 ASL  00000061)
[    0.000000] ACPI: FACP 0x000000003FFF00F0 0000F4 (v04 VBOX   VBOXFACP 00000001 ASL  00000061)
[    0.000000] ACPI: DSDT 0x000000003FFF0470 002325 (v02 VBOX   VBOXBIOS 00000002 INTL 20100528)
[    0.000000] ACPI: FACS 0x000000003FFF0200 000040
[    0.000000] ACPI: FACS 0x000000003FFF0200 000040
[    0.000000] ACPI: APIC 0x000000003FFF0240 00005C (v02 VBOX   VBOXAPIC 00000001 ASL  00000061)
[    0.000000] ACPI: SSDT 0x000000003FFF02A0 0001CC (v01 VBOX   VBOXCPUT 00000002 INTL 20100528)
[    0.000000] ACPI: Reserving FACP table memory at [mem 0x3fff00f0-0x3fff01e3]
[    0.000000] ACPI: Reserving DSDT table memory at [mem 0x3fff0470-0x3fff2794]
[    0.000000] ACPI: Reserving FACS table memory at [mem 0x3fff0200-0x3fff023f]
[    0.000000] ACPI: Reserving FACS table memory at [mem 0x3fff0200-0x3fff023f]
[    0.000000] ACPI: Reserving APIC table memory at [mem 0x3fff0240-0x3fff029b]
[    0.000000] ACPI: Reserving SSDT table memory at [mem 0x3fff02a0-0x3fff046b]
[    0.000000] No NUMA configuration found
[    0.000000] Faking a node at [mem 0x0000000000000000-0x000000003ffeffff]
[    0.000000] NODE_DATA(0) allocated [mem 0x3ffc5000-0x3ffeffff]
[    0.000000] kvm-clock: cpu 0, msr 0:3ff44001, primary cpu clock
[    0.000000] kvm-clock: Using msrs 4b564d01 and 4b564d00
[    0.000000] kvm-clock: using sched offset of 4753782235 cycles
[    0.000000] clocksource: kvm-clock: mask: 0xffffffffffffffff max_cycles: 0x1cd42e4dffb, max_idle_ns: 881590591483 ns
[    0.000000] Zone ranges:
[    0.000000]   DMA      [mem 0x0000000000001000-0x0000000000ffffff]
[    0.000000]   DMA32    [mem 0x0000000001000000-0x000000003ffeffff]
[    0.000000]   Normal   empty
[    0.000000]   Device   empty
[    0.000000] Movable zone start for each node
[    0.000000] Early memory node ranges
[    0.000000]   node   0: [mem 0x0000000000001000-0x000000000009efff]
[    0.000000]   node   0: [mem 0x0000000000100000-0x000000003ffeffff]
[    0.000000] Reserved but unavailable: 104 pages
[    0.000000] Initmem setup node 0 [mem 0x0000000000001000-0x000000003ffeffff]
[    0.000000] ACPI: PM-Timer IO Port: 0x4008
[    0.000000] IOAPIC[0]: apic_id 2, version 32, address 0xfec00000, GSI 0-23
[    0.000000] ACPI: INT_SRC_OVR (bus 0 bus_irq 0 global_irq 2 dfl dfl)
[    0.000000] ACPI: INT_SRC_OVR (bus 0 bus_irq 9 global_irq 9 low level)
[    0.000000] Using ACPI (MADT) for SMP configuration information
[    0.000000] smpboot: Allowing 2 CPUs, 0 hotplug CPUs
[    0.000000] PM: Registered nosave memory: [mem 0x00000000-0x00000fff]
[    0.000000] PM: Registered nosave memory: [mem 0x0009f000-0x0009ffff]
[    0.000000] PM: Registered nosave memory: [mem 0x000a0000-0x000effff]
[    0.000000] PM: Registered nosave memory: [mem 0x000f0000-0x000fffff]
[    0.000000] e820: [mem 0x40000000-0xfebfffff] available for PCI devices
[    0.000000] Booting paravirtualized kernel on KVM
[    0.000000] clocksource: refined-jiffies: mask: 0xffffffff max_cycles: 0xffffffff, max_idle_ns: 7645519600211568 ns
[    0.000000] random: get_random_bytes called from start_kernel+0x99/0x500 with crng_init=0
[    0.000000] setup_percpu: NR_CPUS:8192 nr_cpumask_bits:2 nr_cpu_ids:2 nr_node_ids:1
[    0.000000] percpu: Embedded 45 pages/cpu s147456 r8192 d28672 u1048576
[    0.000000] PV qspinlock hash table entries: 256 (order: 0, 4096 bytes)
[    0.000000] Built 1 zonelists, mobility grouping on.  Total pages: 257913
[    0.000000] Policy zone: DMA32
[    0.000000] Kernel command line: BOOT_IMAGE=/boot/vmlinuz-4.15.0-156-generic root=UUID=aec21e35-c08e-4f04-9060-4fd152d8fd54 ro console=tty1 console=ttyS0
[    0.000000] Memory: 981852K/1048120K available (12300K kernel code, 2483K rwdata, 4320K rodata, 2448K init, 2724K bss, 66268K reserved, 0K cma-reserved)
[    0.000000] SLUB: HWalign=64, Order=0-3, MinObjects=0, CPUs=2, Nodes=1
[    0.000000] ftrace: allocating 39466 entries in 155 pages
[    0.004000] Hierarchical RCU implementation.
[    0.004000] 	RCU restricting CPUs from NR_CPUS=8192 to nr_cpu_ids=2.
[    0.004000] 	Tasks RCU enabled.
[    0.004000] RCU: Adjusting geometry for rcu_fanout_leaf=16, nr_cpu_ids=2
[    0.004000] NR_IRQS: 524544, nr_irqs: 440, preallocated irqs: 16
[    0.004000] Console: colour VGA+ 80x25
[    0.004000] console [tty1] enabled
[    0.004000] console [ttyS0] enabled
[    0.004000] ACPI: Core revision 20170831
[    0.004000] ACPI: 2 ACPI AML tables successfully acquired and loaded
[    0.004000] APIC: Switch to symmetric I/O mode setup
[    0.004000] x2apic enabled
[    0.004000] Switched APIC routing to physical x2apic.
[    0.004000] ..TIMER: vector=0x30 apic1=0 pin1=2 apic2=-1 pin2=-1
[    0.004000] tsc: Detected 2295.686 MHz processor
[    0.004000] Calibrating delay loop (skipped) preset value.. 4591.37 BogoMIPS (lpj=9182744)
[    0.004000] pid_max: default: 32768 minimum: 301
[    0.004000] Security Framework initialized
[    0.004000] Yama: becoming mindful.
[    0.004000] AppArmor: AppArmor initialized
[    0.004000] Dentry cache hash table entries: 131072 (order: 8, 1048576 bytes)
[    0.004100] Inode-cache hash table entries: 65536 (order: 7, 524288 bytes)
[    0.005458] Mount-cache hash table entries: 2048 (order: 2, 16384 bytes)
[    0.006712] Mountpoint-cache hash table entries: 2048 (order: 2, 16384 bytes)
[    0.008520] Last level iTLB entries: 4KB 1024, 2MB 1024, 4MB 512
[    0.009886] Last level dTLB entries: 4KB 1536, 2MB 1536, 4MB 768, 1GB 0
[    0.012009] Spectre V1 : Mitigation: usercopy/swapgs barriers and __user pointer sanitization
[    0.013771] Spectre V2 : Spectre mitigation: LFENCE not serializing, switching to generic retpoline
[    0.015408] Spectre V2 : Mitigation: Full generic retpoline
[    0.016008] Spectre V2 : Spectre v2 / SpectreRSB mitigation: Filling RSB on context switch
[    0.017466] Speculative Store Bypass: Mitigation: Speculative Store Bypass disabled via prctl and seccomp
[    0.020201] Freeing SMP alternatives memory: 36K
[    0.139432] APIC calibration not consistent with PM-Timer: 102ms instead of 100ms
[    0.140000] APIC delta adjusted to PM-Timer: 6310186 (6489574)
[    0.140076] smpboot: CPU0: AMD Ryzen 7 PRO 3700U w/ Radeon Vega Mobile Gfx (family: 0x17, model: 0x18, stepping: 0x1)
[    0.141819] Performance Events: PMU not available due to virtualization, using software events only.
[    0.143717] Hierarchical SRCU implementation.
[    0.146692] NMI watchdog: Perf event create on CPU 0 failed with -2
[    0.147906] NMI watchdog: Perf NMI watchdog permanently disabled
[    0.148144] smp: Bringing up secondary CPUs ...
[    0.149194] x86: Booting SMP configuration:
[    0.150064] .... node  #0, CPUs:      #1
[    0.004000] kvm-clock: cpu 1, msr 0:3ff44041, secondary cpu clock
[    0.156041] smp: Brought up 1 node, 2 CPUs
[    0.156875] smpboot: Max logical packages: 1
[    0.157705] smpboot: Total of 2 processors activated (9182.74 BogoMIPS)
[    0.160107] devtmpfs: initialized
[    0.160107] x86/mm: Memory block size: 128MB
[    0.161154] evm: security.selinux
[    0.161839] evm: security.SMACK64
[    0.162509] evm: security.SMACK64EXEC
[    0.163226] evm: security.SMACK64TRANSMUTE
[    0.164000] evm: security.SMACK64MMAP
[    0.164007] evm: security.apparmor
[    0.164704] evm: security.ima
[    0.165313] evm: security.capability
[    0.166098] clocksource: jiffies: mask: 0xffffffff max_cycles: 0xffffffff, max_idle_ns: 7645041785100000 ns
[    0.168020] futex hash table entries: 512 (order: 3, 32768 bytes)
[    0.170904] pinctrl core: initialized pinctrl subsystem
[    0.172174] RTC time: 22:20:22, date: 09/24/21
[    0.173278] NET: Registered protocol family 16
[    0.174224] audit: initializing netlink subsys (disabled)
[    0.176044] audit: type=2000 audit(1632522028.738:1): state=initialized audit_enabled=0 res=1
[    0.177679] cpuidle: using governor ladder
[    0.177679] cpuidle: using governor menu
[    0.180133] ACPI: bus type PCI registered
[    0.180796] acpiphp: ACPI Hot Plug PCI Controller Driver version: 0.5
[    0.181965] PCI: Using configuration type 1 for base access
[    0.182915] PCI: Using configuration type 1 for extended access
[    0.184139] HugeTLB registered 2.00 MiB page size, pre-allocated 0 pages
[    0.185586] ACPI: Added _OSI(Module Device)
[    0.185586] ACPI: Added _OSI(Processor Device)
[    0.188013] ACPI: Added _OSI(3.0 _SCP Extensions)
[    0.189090] ACPI: Added _OSI(Processor Aggregator Device)
[    0.190527] ACPI: Added _OSI(Linux-Dell-Video)
[    0.191409] ACPI: Added _OSI(Linux-Lenovo-NV-HDMI-Audio)
[    0.192014] ACPI: Added _OSI(Linux-HPI-Hybrid-Graphics)
[    0.193465] ACPI: Executed 1 blocks of module-level executable AML code
[    0.200053] ACPI: Interpreter enabled
[    0.200791] ACPI: (supports S0 S5)
[    0.201432] ACPI: Using IOAPIC for interrupt routing
[    0.202601] PCI: Using host bridge windows from ACPI; if necessary, use "pci=nocrs" and report a bug
[    0.204243] ACPI: Enabled 2 GPEs in block 00 to 07
[    0.214202] ACPI: PCI Root Bridge [PCI0] (domain 0000 [bus 00-ff])
[    0.215403] acpi PNP0A03:00: _OSC: OS supports [ExtendedConfig ASPM ClockPM Segments MSI]
[    0.217178] acpi PNP0A03:00: _OSC: platform does not support [PCIeCapability]
[    0.220834] acpi PNP0A03:00: _OSC: not requesting control; platform does not support [PCIeCapability]
[    0.223673] acpi PNP0A03:00: _OSC: OS requested [PCIeHotplug PME AER PCIeCapability]
[    0.224015] acpi PNP0A03:00: _OSC: platform willing to grant [PCIeHotplug PME AER]
[    0.225794] acpi PNP0A03:00: _OSC failed (AE_SUPPORT); disabling ASPM
[    0.228510] PCI host bridge to bus 0000:00
[    0.229374] pci_bus 0000:00: root bus resource [io  0x0000-0x0cf7 window]
[    0.230886] pci_bus 0000:00: root bus resource [io  0x0d00-0xffff window]
[    0.232015] pci_bus 0000:00: root bus resource [mem 0x000a0000-0x000bffff window]
[    0.233576] pci_bus 0000:00: root bus resource [mem 0x40000000-0xfdffffff window]
[    0.235173] pci_bus 0000:00: root bus resource [bus 00-ff]
[    0.240165] pci 0000:00:01.1: legacy IDE quirk: reg 0x10: [io  0x01f0-0x01f7]
[    0.241516] pci 0000:00:01.1: legacy IDE quirk: reg 0x14: [io  0x03f6]
[    0.242696] pci 0000:00:01.1: legacy IDE quirk: reg 0x18: [io  0x0170-0x0177]
[    0.244000] pci 0000:00:01.1: legacy IDE quirk: reg 0x1c: [io  0x0376]
[    0.270646] pci 0000:00:07.0: quirk: [io  0x4000-0x403f] claimed by PIIX4 ACPI
[    0.272063] pci 0000:00:07.0: quirk: [io  0x4100-0x410f] claimed by PIIX4 SMB
[    0.285235] ACPI: PCI Interrupt Link [LNKA] (IRQs 5 9 10 *11)
[    0.286904] ACPI: PCI Interrupt Link [LNKB] (IRQs 5 9 *10 11)
[    0.288241] ACPI: PCI Interrupt Link [LNKC] (IRQs 5 *9 10 11)
[    0.289638] ACPI: PCI Interrupt Link [LNKD] (IRQs 5 9 10 *11)
[    0.291355] SCSI subsystem initialized
[    0.292122] pci 0000:00:02.0: vgaarb: setting as boot VGA device
[    0.293415] pci 0000:00:02.0: vgaarb: VGA device added: decodes=io+mem,owns=io+mem,locks=none
[    0.296020] pci 0000:00:02.0: vgaarb: bridge control possible
[    0.297232] vgaarb: loaded
[    0.297976] ACPI: bus type USB registered
[    0.298862] usbcore: registered new interface driver usbfs
[    0.300065] usbcore: registered new interface driver hub
[    0.301395] usbcore: registered new device driver usb
[    0.304126] EDAC MC: Ver: 3.0.0
[    0.305113] PCI: Using ACPI for IRQ routing
[    0.305598] NetLabel: Initializing
[    0.308055] NetLabel:  domain hash size = 128
[    0.309327] NetLabel:  protocols = UNLABELED CIPSOv4 CALIPSO
[    0.310631] NetLabel:  unlabeled traffic allowed by default
[    0.312189] clocksource: Switched to clocksource kvm-clock
[    0.320084] VFS: Disk quotas dquot_6.6.0
[    0.320084] VFS: Dquot-cache hash table entries: 512 (order 0, 4096 bytes)
[    0.320084] AppArmor: AppArmor Filesystem Enabled
[    0.320084] pnp: PnP ACPI init
[    0.320084] pnp: PnP ACPI: found 3 devices
[    0.351079] clocksource: acpi_pm: mask: 0xffffff max_cycles: 0xffffff, max_idle_ns: 2085701024 ns
[    0.352061] NET: Registered protocol family 2
[    0.352061] IP idents hash table entries: 16384 (order: 5, 131072 bytes)
[    0.357428] TCP established hash table entries: 8192 (order: 4, 65536 bytes)
[    0.358993] TCP bind hash table entries: 8192 (order: 5, 131072 bytes)
[    0.360421] TCP: Hash tables configured (established 8192 bind 8192)
[    0.361816] UDP hash table entries: 512 (order: 2, 16384 bytes)
[    0.363144] UDP-Lite hash table entries: 512 (order: 2, 16384 bytes)
[    0.364377] NET: Registered protocol family 1
[    0.364377] pci 0000:00:00.0: Limiting direct PCI/PCI transfers
[    0.364377] pci 0000:00:01.0: Activating ISA DMA hang workarounds
[    0.364377] pci 0000:00:02.0: Video device with shadowed ROM at [mem 0x000c0000-0x000dffff]
[    0.364377] Unpacking initramfs...
[    0.364377] Freeing initrd memory: 20384K
[    0.364377] clocksource: tsc: mask: 0xffffffffffffffff max_cycles: 0x211749f51e2, max_idle_ns: 440795249748 ns
[    0.364377] platform rtc_cmos: registered platform RTC device (no PNP device found)
[    0.364377] Scanning for low memory corruption every 60 seconds
[    0.722817] Initialise system trusted keyrings
[    0.723883] Key type blacklist registered
[    0.725078] workingset: timestamp_bits=36 max_order=18 bucket_order=0
[    0.727604] zbud: loaded
[    0.729037] squashfs: version 4.0 (2009/01/31) Phillip Lougher
[    0.730621] fuse init (API version 7.26)
[    0.736656] Key type asymmetric registered
[    0.737631] Asymmetric key parser 'x509' registered
[    0.738704] Block layer SCSI generic (bsg) driver version 0.4 loaded (major 246)
[    0.740326] io scheduler noop registered
[    0.741288] io scheduler deadline registered
[    0.742363] io scheduler cfq registered (default)
[    0.743772] ACPI: AC Adapter [AC] (on-line)
[    0.744789] input: Power Button as /devices/LNXSYSTM:00/LNXPWRBN:00/input/input0
[    0.746379] ACPI: Power Button [PWRF]
[    0.747212] input: Sleep Button as /devices/LNXSYSTM:00/LNXSLPBN:00/input/input1
[    0.748475] ACPI: Sleep Button [SLPF]
[    0.749576] Serial: 8250/16550 driver, 32 ports, IRQ sharing enabled
[    0.750424] ACPI: Battery Slot [BAT0] (battery present)
[    0.772155] 00:02: ttyS0 at I/O 0x3f8 (irq = 4, base_baud = 115200) is a 16550A
[    0.777459] Linux agpgart interface v0.103
[    0.780172] loop: module loaded
[    0.781616] scsi host0: ata_piix
[    0.782479] scsi host1: ata_piix
[    0.783057] ata1: PATA max UDMA/33 cmd 0x1f0 ctl 0x3f6 bmdma 0xd000 irq 14
[    0.784314] ata2: PATA max UDMA/33 cmd 0x170 ctl 0x376 bmdma 0xd008 irq 15
[    0.785827] libphy: Fixed MDIO Bus: probed
[    0.786484] tun: Universal TUN/TAP device driver, 1.6
[    0.787340] PPP generic driver version 2.4.2
[    0.788090] ehci_hcd: USB 2.0 'Enhanced' Host Controller (EHCI) Driver
[    0.789044] ehci-pci: EHCI PCI platform driver
[    0.789900] ehci-platform: EHCI generic platform driver
[    0.790974] ohci_hcd: USB 1.1 'Open' Host Controller (OHCI) Driver
[    0.791879] ohci-pci: OHCI PCI platform driver
[    0.792671] ohci-platform: OHCI generic platform driver
[    0.793458] uhci_hcd: USB Universal Host Controller Interface driver
[    0.794470] i8042: PNP: PS/2 Controller [PNP0303:PS2K,PNP0f03:PS2M] at 0x60,0x64 irq 1,12
[    0.796223] serio: i8042 KBD port at 0x60,0x64 irq 1
[    0.797056] serio: i8042 AUX port at 0x60,0x64 irq 12
[    0.798127] mousedev: PS/2 mouse device common for all mice
[    0.799399] input: AT Translated Set 2 keyboard as /devices/platform/i8042/serio0/input/input2
[    0.800380] rtc_cmos rtc_cmos: rtc core: registered rtc_cmos as rtc0
[    0.802408] rtc_cmos rtc_cmos: alarms up to one day, 114 bytes nvram
[    0.803656] i2c /dev entries driver
[    0.804039] device-mapper: uevent: version 1.0.3
[    0.805171] device-mapper: ioctl: 4.37.0-ioctl (2017-09-20) initialised: dm-devel@redhat.com
[    0.806521] ledtrig-cpu: registered to indicate activity on CPUs
[    0.808524] NET: Registered protocol family 10
[    0.813961] Segment Routing with IPv6
[    0.814917] NET: Registered protocol family 17
[    0.816106] Key type dns_resolver registered
[    0.817245] mce: Using 0 MCE banks
[    0.817997] RAS: Correctable Errors collector initialized.
[    0.819466] sched_clock: Marking stable (817208504, 0)->(991154307, -173945803)
[    0.821554] registered taskstats version 1
[    0.822454] Loading compiled-in X.509 certificates
[    0.827027] Loaded X.509 cert 'Build time autogenerated kernel key: b39ba71f7e5bf175906d0a602aa7bdc709562f9b'
[    0.829562] Loaded X.509 cert 'Canonical Ltd. Live Patch Signing: 14df34d1a87cf37625abec039ef2bf521249b969'
[    0.832352] Loaded X.509 cert 'Canonical Ltd. Kernel Module Signing: 88f752e560a1e0737e31163a466ad7b70a850c19'
[    0.834250] zswap: loaded using pool lzo/zbud
[    0.839886] Key type big_key registered
[    0.840974] Key type trusted registered
[    0.844552] Key type encrypted registered
[    0.845342] AppArmor: AppArmor sha1 policy hashing enabled
[    0.846289] ima: No TPM chip found, activating TPM-bypass! (rc=-19)
[    0.847424] ima: Allocated hash algorithm: sha1
[    0.848393] evm: HMAC attrs: 0x1
[    0.849337]   Magic number: 5:429:351
[    0.850146] rtc_cmos rtc_cmos: setting system clock to 2021-09-24 22:20:22 UTC (1632522022)
[    0.851866] BIOS EDD facility v0.16 2004-Jun-25, 0 devices found
[    0.852944] EDD information not available.
[    0.972184] Freeing unused kernel image memory: 2448K
[    0.984724] Write protecting the kernel read-only data: 20480k
[    0.986497] Freeing unused kernel image memory: 2008K
[    0.987874] Freeing unused kernel image memory: 1824K
[    0.996646] x86/mm: Checked W+X mappings: passed, no W+X pages found.
Loading, please wait...
starting version 237
[    1.074715] e1000: Intel(R) PRO/1000 Network Driver - version 7.3.21-k8-NAPI
[    1.076307] e1000: Copyright (c) 1999-2006 Intel Corporation.
[    1.078137] Fusion MPT base driver 3.04.20
[    1.078882] Copyright (c) 1999-2008 LSI Corporation
[    1.083561] Fusion MPT SPI Host driver 3.04.20
[    1.103665] AVX2 version of gcm_enc/dec engaged.
[    1.104602] AES CTR mode by8 optimization enabled
[    1.300996] input: ImExPS/2 Generic Explorer Mouse as /devices/platform/i8042/serio1/input/input4
[    1.463238] e1000 0000:00:03.0 eth0: (PCI:33MHz:32-bit) 02:79:d1:66:99:96
[    1.464308] e1000 0000:00:03.0 eth0: Intel(R) PRO/1000 Network Connection
[    1.467213] e1000 0000:00:03.0 enp0s3: renamed from eth0
[    1.468253] mptbase: ioc0: Initiating bringup
[    2.144536] ioc0: LSI53C1030 A0: Capabilities={Initiator}
[    2.386736] scsi host2: ioc0: LSI53C1030 A0, FwRev=00000000h, Ports=1, MaxQ=256, IRQ=20
[    4.177106] scsi 2:0:0:0: Direct-Access     VBOX     HARDDISK         1.0  PQ: 0 ANSI: 5
[    4.212318] scsi target2:0:0: Beginning Domain Validation
[    4.214650] scsi target2:0:0: Domain Validation skipping write tests
[    4.216099] scsi target2:0:0: Ending Domain Validation
[    4.217247] scsi target2:0:0: asynchronous
[    4.218569] scsi 2:0:1:0: Direct-Access     VBOX     HARDDISK         1.0  PQ: 0 ANSI: 5
[    4.448799] scsi target2:0:1: Beginning Domain Validation
[    4.452559] random: fast init done
[    4.453624] scsi target2:0:1: Domain Validation skipping write tests
[    4.455255] scsi target2:0:1: Ending Domain Validation
[    4.456431] scsi target2:0:1: asynchronous
[    4.461913] random: systemd-udevd: uninitialized urandom read (16 bytes read)
[    4.462260] sd 2:0:0:0: [sda] 83886080 512-byte logical blocks: (42.9 GB/40.0 GiB)
[    4.463480] random: systemd-udevd: uninitialized urandom read (16 bytes read)
[    4.464975] sd 2:0:0:0: [sda] Write Protect is off
[    4.466238] random: systemd-udevd: uninitialized urandom read (16 bytes read)
[    4.468483] sd 2:0:0:0: [sda] Incomplete mode parameter data
[    4.469503] sd 2:0:0:0: [sda] Assuming drive cache: write through
[    4.470485] sd 2:0:0:0: Attached scsi generic sg0 type 0
[    4.471612] sd 2:0:1:0: Attached scsi generic sg1 type 0
[    4.472809] sd 2:0:1:0: [sdb] 20480 512-byte logical blocks: (10.5 MB/10.0 MiB)
[    4.474269] sd 2:0:1:0: [sdb] Write Protect is off
[    4.475491] sd 2:0:1:0: [sdb] Incomplete mode parameter data
[    4.476551] sd 2:0:1:0: [sdb] Assuming drive cache: write through
[    4.484187]  sda: sda1
[    4.486149] sd 2:0:1:0: [sdb] Attached SCSI disk
[    4.487684] sd 2:0:0:0: [sda] Attached SCSI disk
Begin: Loading essential drivers ... [    5.964200] raid6: sse2x1   gen()  6691 MB/s
[    6.012737] raid6: sse2x1   xor()  4860 MB/s
[    6.060326] raid6: sse2x2   gen() 10017 MB/s
[    6.108015] raid6: sse2x2   xor()  6670 MB/s
[    6.156026] raid6: sse2x4   gen() 14437 MB/s
[    6.204370] raid6: sse2x4   xor()  8130 MB/s
[    6.252325] raid6: avx2x1   gen() 13522 MB/s
[    6.301282] raid6: avx2x1   xor()  7836 MB/s
[    6.349247] raid6: avx2x2   gen() 16673 MB/s
[    6.396284] raid6: avx2x2   xor() 11424 MB/s
[    6.445287] raid6: avx2x4   gen() 18210 MB/s
[    6.492331] raid6: avx2x4   xor()  8079 MB/s
[    6.493161] raid6: using algorithm avx2x4 gen() 18210 MB/s
[    6.494134] raid6: .... xor() 8079 MB/s, rmw enabled
[    6.495012] raid6: using avx2x2 recovery algorithm
[    6.497416] xor: automatically using best checksumming function   avx       
[    6.500168] async_tx: api initialized (async)
done.
Begin: Running /scripts/init-premount ... done.
Begin: Mounting root file system ... Begin: Running /scripts/local-top ... done.
Begin: Running /scripts/local-premount ... [    6.556817] Btrfs loaded, crc32c=crc32c-intel
Scanning for Btrfs filesystems
done.
Begin: Will now check root file system ... fsck from util-linux 2.31.1
[/sbin/fsck.ext4 (1) -- /dev/sda1] fsck.ext4 -a -C0 /dev/sda1 
cloudimg-rootfs: recovering journal
cloudimg-rootfs: Clearing orphaned inode 2182 (uid=0, gid=0, mode=0100644, size=1159864)
cloudimg-rootfs: clean, 137641/5120000 files, 805499/10485499 blocks
done.
[    6.675093] EXT4-fs (sda1): mounted filesystem with ordered data mode. Opts: (null)
done.
Begin: Running /scripts/local-bottom ... done.
Begin: Running /scripts/init-bottom ... done.
[    6.851496] ip_tables: (C) 2000-2006 Netfilter Core Team
[    6.860152] systemd[1]: systemd 237 running in system mode. (+PAM +AUDIT +SELINUX +IMA +APPARMOR +SMACK +SYSVINIT +UTMP +LIBCRYPTSETUP +GCRYPT +GNUTLS +ACL +XZ +LZ4 +SECCOMP +BLKID +ELFUTILS +KMOD -IDN2 +IDN -PCRE2 default-hierarchy=hybrid)
[    6.863666] systemd[1]: Detected virtualization oracle.
[    6.864458] systemd[1]: Detected architecture x86-64.

Welcome to [1mUbuntu 18.04.5 LTS[0m!

[    6.870707] systemd[1]: Set hostname to <ubuntu-bionic>.
[    7.158685] systemd[1]: Created slice User and Session Slice.
[[0;32m  OK  [0m] Created slice User and Session Slice.
[    7.160568] systemd[1]: Reached target User and Group Name Lookups.
[[0;32m  OK  [0m] Reached target User and Group Name Lookups.
[    7.174763] systemd[1]: Set up automount Arbitrary Executable File Formats File System Automount Point.
[[0;32m  OK  [0m] Set up automount Arbitrary Executabâ€¦rmats File System Automount Point.
[    7.178452] systemd[1]: Reached target System Time Synchronized.
[[0;32m  OK  [0m] Reached target System Time Synchronized.
[    7.180714] systemd[1]: Reached target Swap.
[[0;32m  OK  [0m] Reached target Swap.
[    7.182468] systemd[1]: Created slice System Slice.
[[0;32m  OK  [0m] Created slice System Slice.
[[0;32m  OK  [0m] Reached target Slices.
[[0;32m  OK  [0m] Listening on Device-mapper event daemon FIFOs.
[[0;32m  OK  [0m] Listening on Journal Audit Socket.
[[0;32m  OK  [0m] Listening on Syslog Socket.
[[0;32m  OK  [0m] Created slice system-serial\x2dgetty.slice.
[[0;32m  OK  [0m] Listening on LVM2 poll daemon socket.
[[0;32m  OK  [0m] Listening on fsck to fsckd communication Socket.
[[0;32m  OK  [0m] Listening on Journal Socket (/dev/log).
[[0;32m  OK  [0m] Listening on LVM2 metadata daemon socket.
[[0;32m  OK  [0m] Listening on udev Kernel Socket.
[[0;32m  OK  [0m] Listening on Network Service Netlink Socket.
[[0;32m  OK  [0m] Listening on Journal Socket.
         Starting Load Kernel Modules...
         Starting Uncomplicated firewall...
         Starting Create list of required stâ€¦ce nodes for the current kernel...
         Mounting POSIX Message Queue File System...
         Starting Journal Service...
         Mounting Huge Pages File System...
         Starting Remount Root and Kernel File Systems...
         Starting Set the console keyboard layout...
         Mounting Kernel Debug File System...
[[0;32m  OK  [0m] Listening on udev Control Socket.
         Starting udev Coldplug all Devices...
         Starting Monitoring of LVM2 mirrorsâ€¦ng dmeventd or progress polling...
[    7.257730] Loading iSCSI transport class v2.0-870.
[    7.264593] iscsi: registered transport (tcp)
[    7.282111] iscsi: registered transport (iser)
[[0;32m  OK  [0m] Started Forward Password Requests to Wall Directory Watch.
[[0;32m  OK  [0m] Listening on /dev/initctl Compatibility Named Pipe.
[[0;32m  OK  [0m] Started Load Kernel Modules.
[[0;32m  OK  [0m] Started Uncomplicated firewall.
[[0;32m  OK  [0m] Started Journal Service.
[[0;32m  OK  [0m] Started Create list of required staâ€¦vice nodes for the current kernel.
[[0;32m  OK  [0m] Mounted POSIX Message Queue File System.
[[0;32m  OK  [0m] Mounted Huge Pages File System.
[[0;32m  OK  [0m] Mounted Kernel Debug File System.
         Starting Create Static Device Nodes in /dev...
         Mounting FUSE Control File System...
         Mounting Kernel Configuration File System...
         Starting Apply Kernel Variables...
[[0;32m  OK  [0m] Mounted FUSE Control File System.
[[0;32m  OK  [0m] Mounted Kernel Configuration File System.
[    7.334136] EXT4-fs (sda1): re-mounted. Opts: (null)
[[0;32m  OK  [0m] Started Remount Root and Kernel File Systems.
         Starting Load/Save Random Seed...
         Starting Flush Journal to Persistent Storage...
[[0;32m  OK  [0m] Started udev Coldplug all Devices.
[[0;32m  OK  [0m] Started Create Static Device Nodes in /dev.
         Starting udev Kernel Device Manager...
[[0;32m  OK  [0m] Started LVM2 metadata daemon.
[[0;32m  OK  [0m] Started Load/Save Random Seed.
[[0;32m  OK  [0m] Started udev Kernel Device Manager.
[[0;32m  OK  [0m] Started Apply Kernel Variables.
[[0;32m  OK  [0m] Started Monitoring of LVM2 mirrors,â€¦sing dmeventd or progress polling.
[[0;32m  OK  [0m] Started Set the console keyboard layout.
[[0;32m  OK  [0m] Started Dispatch Password Requests to Console Directory Watch.
[[0;32m  OK  [0m] Reached target Local Encrypted Volumes.
[[0;32m  OK  [0m] Reached target Local File Systems (Pre).
[[0;32m  OK  [0m] Reached target Local File Systems.
         Starting Tell Plymouth To Write Out Runtime Data...
         Starting Set console font and keymap...
         Starting ebtables ruleset management...
         Starting AppArmor initialization...
[[0;32m  OK  [0m] Started Flush Journal to Persistent Storage.
[[0;32m  OK  [0m] Started Set console font and keymap.
         Starting Create Volatile Files and Directories...
[[0;32m  OK  [0m] Started Tell Plymouth To Write Out Runtime Data.
[[0;32m  OK  [0m] Started Create Volatile Files and Directories.
         Starting Update UTMP about System Boot/Shutdown...
[[0;32m  OK  [0m] Started Update UTMP about System Boot/Shutdown.
[[0;32m  OK  [0m] Started ebtables ruleset management.
[[0;32m  OK  [0m] Found device /dev/ttyS0.
[[0;32m  OK  [0m] Listening on Load/Save RF Kill Switch Status /dev/rfkill Watch.
[[0;32m  OK  [0m] Started AppArmor initialization.
         Starting Initial cloud-init job (pre-networking)...
         Starting Load AppArmor profiles managed internally by snapd...
[[0;32m  OK  [0m] Started Load AppArmor profiles managed internally by snapd.
[    9.297764] cloud-init[566]: Cloud-init v. 21.2-3-g899bfaa9-0ubuntu2~18.04.1 running 'init-local' at Fri, 24 Sep 2021 22:20:30 +0000. Up 9.10 seconds.
[[0;32m  OK  [0m] Started Initial cloud-init job (pre-networking).
[[0;32m  OK  [0m] Reached target Network (Pre).
         Starting Network Service...
[[0;32m  OK  [0m] Started Network Service.
         Starting Network Name Resolution...
         Starting Wait for Network to be Configured...
[[0;32m  OK  [0m] Started Network Name Resolution.
[[0;32m  OK  [0m] Reached target Network.
[[0;32m  OK  [0m] Reached target Host and Network Name Lookups.
[[0;32m  OK  [0m] Started Wait for Network to be Configured.
         Starting Initial cloud-init job (metadata service crawler)...
[   12.189784] cloud-init[683]: Cloud-init v. 21.2-3-g899bfaa9-0ubuntu2~18.04.1 running 'init' at Fri, 24 Sep 2021 22:20:33 +0000. Up 11.98 seconds.
[   12.191782] cloud-init[683]: ci-info: ++++++++++++++++++++++++++++++++++++++Net device info++++++++++++++++++++++++++++++++++++++
[   12.193891] cloud-init[683]: ci-info: +--------+------+----------------------------+---------------+--------+-------------------+
[   12.195260] cloud-init[683]: ci-info: | Device |  Up  |          Address           |      Mask     | Scope  |     Hw-Address    |
[   12.196721] cloud-init[683]: ci-info: +--------+------+----------------------------+---------------+--------+-------------------+
[   12.198279] cloud-init[683]: ci-info: | enp0s3 | True |         10.0.2.15          | 255.255.255.0 | global | 02:79:d1:66:99:96 |
[   12.199750] cloud-init[683]: ci-info: | enp0s3 | True | fe80::79:d1ff:fe66:9996/64 |       .       |  link  | 02:79:d1:66:99:96 |
[   12.201186] cloud-init[683]: ci-info: |   lo   | True |         127.0.0.1          |   255.0.0.0   |  host  |         .         |
[   12.202544] cloud-init[683]: ci-info: |   lo   | True |          ::1/128           |       .       |  host  |         .         |
[   12.203935] cloud-init[683]: ci-info: +--------+------+----------------------------+---------------+--------+-------------------+
[   12.205763] cloud-init[683]: ci-info: ++++++++++++++++++++++++++++Route IPv4 info+++++++++++++++++++++++++++++
[   12.207012] cloud-init[683]: ci-info: +-------+-------------+----------+-----------------+-----------+-------+
[   12.208374] cloud-init[683]: ci-info: | Route | Destination | Gateway  |     Genmask     | Interface | Flags |
[   12.209566] cloud-init[683]: ci-info: +-------+-------------+----------+-----------------+-----------+-------+
[   12.224230] cloud-init[683]: ci-info: |   0   |   0.0.0.0   | 10.0.2.2 |     0.0.0.0     |   enp0s3  |   UG  |
[   12.225827] cloud-init[683]: ci-info: |   1   |   10.0.2.0  | 0.0.0.0  |  255.255.255.0  |   enp0s3  |   U   |
[   12.227506] cloud-init[683]: ci-info: |   2   |   10.0.2.2  | 0.0.0.0  | 255.255.255.255 |   enp0s3  |   UH  |
[   12.229171] cloud-init[683]: ci-info: +-------+-------------+----------+-----------------+-----------+-------+
[   12.230643] cloud-init[683]: ci-info: +++++++++++++++++++Route IPv6 info+++++++++++++++++++
[   12.231818] cloud-init[683]: ci-info: +-------+-------------+---------+-----------+-------+
[   12.233313] cloud-init[683]: ci-info: | Route | Destination | Gateway | Interface | Flags |
[   12.234785] cloud-init[683]: ci-info: +-------+-------------+---------+-----------+-------+
[   12.236031] cloud-init[683]: ci-info: |   1   |  fe80::/64  |    ::   |   enp0s3  |   U   |
[   12.237453] cloud-init[683]: ci-info: |   3   |    local    |    ::   |   enp0s3  |   U   |
[   12.238789] cloud-init[683]: ci-info: |   4   |   ff00::/8  |    ::   |   enp0s3  |   U   |
[   12.240138] cloud-init[683]: ci-info: +-------+-------------+---------+-----------+-------+
[[0;32m  OK  [0m] Started Initial cloud-init job (metadata service crawler).
[[0;32m  OK  [0m] Reached target Cloud-config availability.
[[0;32m  OK  [0m] Reached target System Initialization.
[[0;32m  OK  [0m] Started ACPI Events Check.
[[0;32m  OK  [0m] Listening on D-Bus System Message Bus Socket.
[[0;32m  OK  [0m] Started Ubuntu Advantage update messaging.
         Starting LXD - unix socket.
[[0;32m  OK  [0m] Reached target Paths.
[[0;32m  OK  [0m] Started Daily apt download activities.
[[0;32m  OK  [0m] Started Daily apt upgrade and clean activities.
[[0;32m  OK  [0m] Listening on UUID daemon activation socket.
[[0;32m  OK  [0m] Started Message of the Day.
[[0;32m  OK  [0m] Started Daily Cleanup of Temporary Directories.
[[0;32m  OK  [0m] Listening on ACPID Listen Socket.
         Starting Socket activation for snappy daemon.
[[0;32m  OK  [0m] Started Discard unused blocks once a week.
[[0;32m  OK  [0m] Reached target Timers.
[[0;32m  OK  [0m] Listening on Open-iSCSI iscsid Socket.
[[0;32m  OK  [0m] Reached target Network is Online.
         Starting Availability of block devices...
[[0;32m  OK  [0m] Reached target Remote File Systems (Pre).
         Mounting /vagrant...
[[0;32m  OK  [0m] Listening on LXD - unix socket.
[[0;32m  OK  [0m] Listening on Socket activation for snappy daemon.
[[0;32m  OK  [0m] Reached target Sockets.
[[0;32m  OK  [0m] Reached target Basic System.
         Starting LSB: Record successful boot for GRUB...
         Starting OpenBSD Secure Shell server...
         Starting Login Service...
[[0;32m  OK  [0m] Started Deferred execution scheduler.
         Starting LXD - container startup/shutdown...
         Starting Virtualbox guest utils...
[[0;32m  OK  [0m] Started D-Bus System Message Bus.
         Starting Dispatcher daemon for systemd-networkd...
         Starting Ubuntu Advantage APT and MOTD Messages...
[[0;32m  OK  [0m] Started Regular background program processing daemon.
         Starting Accounts Service...
[[0;32m  OK  [0m] Started irqbalance daemon.
[[0;32m  OK  [0m] Started FUSE filesystem for LXC.
         Starting System Logging Service...
         Starting Message of the Day...
         Starting Snap Daemon...
[[0;32m  OK  [0m] Started Availability of block devices.
[[0;32m  OK  [0m] Started Login Service.
[[0;32m  OK  [0m] Started Unattended Upgrades Shutdown.
[[0;32m  OK  [0m] Mounted /vagrant.
[[0;32m  OK  [0m] Reached target Remote File Systems.
         Starting Permit User Sessions...
         Starting LSB: automatic crash report generation...
[[0;32m  OK  [0m] Started System Logging Service.
[[0;32m  OK  [0m] Started Permit User Sessions.
         Starting Hold until boot process finishes up...
         Starting Terminate Plymouth Boot Screen...
[[0;32m  OK  [0m] Started Hold until boot process finishes up.
[[0;32m  OK  [0m] Started Serial Getty on ttyS0.
         Starting Set console scheme...
[[0;32m  OK  [0m] Started Terminate Plymouth Boot Screen.
[[0;32m  OK  [0m] Started Set console scheme.
[[0;32m  OK  [0m] Created slice system-getty.slice.
[[0;32m  OK  [0m] Started Getty on tty1.
[[0;32m  OK  [0m] Reached target Login Prompts.
         Starting Authorization Manager...
[[0;32m  OK  [0m] Started OpenBSD Secure Shell server.
[[0;32m  OK  [0m] Started LSB: Record successful boot for GRUB.
[[0;32m  OK  [0m] Started Authorization Manager.
[[0;32m  OK  [0m] Started Accounts Service.
[[0;32m  OK  [0m] Started Virtualbox guest utils.
[[0;32m  OK  [0m] Started LSB: automatic crash report generation.
[[0;32m  OK  [0m] Started LXD - container startup/shutdown.
[[0;32m  OK  [0m] Started Dispatcher daemon for systemd-networkd.
[[0;32m  OK  [0m] Created slice User Slice of vagrant.
         Starting User Manager for UID 1000...
[[0;32m  OK  [0m] Started Session 1 of user vagrant.
[[0;32m  OK  [0m] Started User Manager for UID 1000.
[[0;32m  OK  [0m] Started Snap Daemon.
         Starting Wait until snapd is fully seeded...
[[0;32m  OK  [0m] Started Wait until snapd is fully seeded.
         Starting Apply the settings specified in cloud-config...
[[0;32m  OK  [0m] Reached target Multi-User System.
[[0;32m  OK  [0m] Reached target Graphical Interface.
         Starting Update UTMP about System Runlevel Changes...
[[0;32m  OK  [0m] Started Update UTMP about System Runlevel Changes.
[[0;32m  OK  [0m] Started Ubuntu Advantage APT and MOTD Messages.
[   15.124746] cloud-init[1155]: Cloud-init v. 21.2-3-g899bfaa9-0ubuntu2~18.04.1 running 'modules:config' at Fri, 24 Sep 2021 22:20:36 +0000. Up 14.88 seconds.
[[0;32m  OK  [0m] Started Apply the settings specified in cloud-config.
         Starting Execute cloud user/final scripts...
[[0;32m  OK  [0m] Started Message of the Day.
[   16.206738] cloud-init[1208]: Cloud-init v. 21.2-3-g899bfaa9-0ubuntu2~18.04.1 running 'modules:final' at Fri, 24 Sep 2021 22:20:37 +0000. Up 16.01 seconds.
[   16.208606] cloud-init[1208]: Cloud-init v. 21.2-3-g899bfaa9-0ubuntu2~18.04.1 finished at Fri, 24 Sep 2021 22:20:37 +0000. Datasource DataSourceNoCloud [seed=/dev/sdb][dsmode=net].  Up 16.19 seconds
[[0;32m  OK  [0m] Started Execute cloud user/final scripts.
[[0;32m  OK  [0m] Reached target Cloud-init target.
         Starting Daily apt download activities...

Ubuntu 18.04.5 LTS ubuntu-bionic ttyS0

ubuntu-bionic login: 